\BOOKMARK [1][-]{section.1}{\376\377\000G\000i\036\333\000i\000\040\000t\000h\000i\036\307\000u\000\040\000n\000h\000\363\000m\000\040\000v\000\340\000\040\000p\000h\036\241\000m\000\040\000v\000i\000\040\001\021\036\323\000\040\000\341\000n}{}% 1
\BOOKMARK [2][-]{subsection.1.1}{\376\377\000B\036\321\000i\000\040\000c\036\243\000n\000h\000\040\000v\000\340\000\040\000m\036\345\000c\000\040\000t\000i\000\352\000u}{section.1}% 2
\BOOKMARK [2][-]{subsection.1.2}{\376\377\000T\000h\000\340\000n\000h\000\040\000v\000i\000\352\000n\000\040\000v\000\340\000\040\000p\000h\000\342\000n\000\040\000c\000\364\000n\000g}{section.1}% 3
\BOOKMARK [2][-]{subsection.1.3}{\376\377\000P\000h\036\241\000m\000\040\000v\000i}{section.1}% 4
\BOOKMARK [2][-]{subsection.1.4}{\376\377\000M\000a\000p\000p\000i\000n\000g\000\040\000y\000\352\000u\000\040\000c\036\247\000u\000\040\000-\000\040\000t\000r\000i\036\303\000n\000\040\000k\000h\000a\000i}{section.1}% 5
\BOOKMARK [1][-]{section.2}{\376\377\000B\036\321\000i\000\040\000c\036\243\000n\000h\000\040\000g\000i\000a\000o\000\040\000t\000h\000\364\000n\000g\000\040\000V\000i\036\307\000t\000\040\000N\000a\000m}{}% 6
\BOOKMARK [2][-]{subsection.2.1}{\376\377\000B\000\340\000i\000\040\000t\000o\000\341\000n\000\040\000t\000h\036\361\000c\000\040\000t\036\277}{section.2}% 7
\BOOKMARK [2][-]{subsection.2.2}{\376\377\000C\000\341\000c\000\040\000y\036\277\000u\000\040\000t\036\321\000\040\036\243\000n\000h\000\040\000h\001\260\036\337\000n\000g}{section.2}% 8
\BOOKMARK [2][-]{subsection.2.3}{\376\377\000K\036\313\000c\000h\000\040\000b\036\243\000n\000\040\000s\000h\000i\000p\000p\000e\000r}{section.2}% 9
\BOOKMARK [2][-]{subsection.2.4}{\376\377\000V\000\354\000\040\000s\000a\000o\000\040\000k\000h\000\364\000n\000g\000\040\000c\000h\036\311\000\040\000t\036\321\000i\000\040\001\260\000u\000\040\000k\000h\000o\036\243\000n\000g\000\040\000c\000\341\000c\000h}{section.2}% 10
\BOOKMARK [1][-]{section.3}{\376\377\000M\000\364\000\040\000h\000\354\000n\000h\000\040\000h\000\363\000a\000\040\000b\000\340\000i\000\040\000t\000o\000\341\000n}{}% 11
\BOOKMARK [2][-]{subsection.3.1}{\376\377\000G\000r\000a\000p\000h\000\040\000c\000\363\000\040\000h\001\260\036\333\000n\000g}{section.3}% 12
\BOOKMARK [2][-]{subsection.3.2}{\376\377\000T\000h\000u\036\331\000c\000\040\000t\000\355\000n\000h\000\040\000e\000d\000g\000e}{section.3}% 13
\BOOKMARK [2][-]{subsection.3.3}{\376\377\000C\000o\000m\000p\000o\000s\000i\000t\000e\000\040\000c\000o\000s\000t}{section.3}% 14
\BOOKMARK [2][-]{subsection.3.4}{\376\377\000B\000a\000\040\000c\000o\000s\000t\000\040\000p\000r\000o\000f\000i\000l\000e\000s}{section.3}% 15
\BOOKMARK [1][-]{section.4}{\376\377\000D\000a\000t\000a\000s\000e\000t\000\040\000v\000\340\000\040\000p\000r\000o\000v\000e\000n\000a\000n\000c\000e}{}% 16
\BOOKMARK [2][-]{subsection.4.1}{\376\377\000D\000a\000t\000a\000s\000e\000t\000\040\001\021\000a\000n\000g\000\040\000s\036\355\000\040\000d\036\345\000n\000g}{section.4}% 17
\BOOKMARK [2][-]{subsection.4.2}{\376\377\000N\000g\000u\036\323\000n\000\040\000d\036\357\000\040\000l\000i\036\307\000u\000\040\000v\000\340\000\040\000p\000i\000p\000e\000l\000i\000n\000e}{section.4}% 18
\BOOKMARK [2][-]{subsection.4.3}{\376\377\000F\000i\000x\000t\000u\000r\000e\000\040\000k\000i\036\303\000m\000\040\000c\000h\036\351\000n\000g}{section.4}% 19
\BOOKMARK [1][-]{section.5}{\376\377\000N\000g\000u\000y\000\352\000n\000\040\000l\000\375\000\040\000c\000\341\000c\000\040\000t\000h\000u\036\255\000t\000\040\000t\000o\000\341\000n}{}% 20
\BOOKMARK [1][-]{section.6}{\376\377\000H\000e\000u\000r\000i\000s\000t\000i\000c\000\040\000A\000*\000\040\000l\000o\000w\000e\000r\000-\000b\000o\000u\000n\000d\000\040\000v\000\340\000\040\000k\000i\036\303\000m\000\040\000t\000r\000a\000\040\000t\000\355\000n\000h\000\040\001\021\000\372\000n\000g\000\040\001\021\036\257\000n}{}% 21
\BOOKMARK [2][-]{subsection.6.1}{\376\377\000C\000\341\000c\000h\000\040\000t\000\355\000n\000h\000\040\000h\000e\000u\000r\000i\000s\000t\000i\000c}{section.6}% 22
\BOOKMARK [2][-]{subsection.6.2}{\376\377\000G\000i\036\243\000i\000\040\000t\000h\000\355\000c\000h\000\040\000t\000\355\000n\000h\000\040\001\021\000\372\000n\000g\000\040\001\021\036\257\000n}{section.6}% 23
\BOOKMARK [2][-]{subsection.6.3}{\376\377\036\242\000n\000h\000\040\000h\001\260\036\337\000n\000g\000\040\000c\036\347\000a\000\040\000s\000c\000e\000n\000a\000r\000i\000o\000\040\000v\000\340\000\040\000w\000e\000i\000g\000h\000t}{section.6}% 24
\BOOKMARK [2][-]{subsection.6.4}{\376\377\000P\000h\000\342\000n\000\040\000b\000i\036\307\000t\000\040\000v\036\333\000i\000\040\000N\000e\000a\000r\000e\000s\000t\000\040\000N\000e\000i\000g\000h\000b\000o\000r}{section.6}% 25
\BOOKMARK [1][-]{section.7}{\376\377\000K\000i\036\277\000n\000\040\000t\000r\000\372\000c\000\040\000h\036\307\000\040\000t\000h\036\321\000n\000g\000\040\000v\000\340\000\040\000l\000u\036\323\000n\000g\000\040\000t\000h\036\361\000c\000\040\000t\000h\000i}{}% 26
\BOOKMARK [2][-]{subsection.7.1}{\376\377\000K\000i\036\277\000n\000\040\000t\000r\000\372\000c}{section.7}% 27
\BOOKMARK [2][-]{subsection.7.2}{\376\377\000G\000i\000a\000o\000\040\000d\000i\036\307\000n\000\040\000c\000h\036\241\000y\000\040\000t\000h\036\361\000c\000\040\000t\036\277}{section.7}% 28
\BOOKMARK [2][-]{subsection.7.3}{\376\377\000C\000\341\000c\000\040\000l\000u\036\323\000n\000g\000\040\000c\000h\000\355\000n\000h}{section.7}% 29
\BOOKMARK [2][-]{subsection.7.4}{\376\377\000T\000\355\000n\000h\000\040\000t\000\341\000i\000\040\000l\036\255\000p}{section.7}% 30
\BOOKMARK [1][-]{section.8}{\376\377\000T\000h\036\361\000c\000\040\000n\000g\000h\000i\036\307\000m\000\040\000v\000\340\000\040\000s\000o\000\040\000s\000\341\000n\000h}{}% 31
\BOOKMARK [2][-]{subsection.8.1}{\376\377\000B\000e\000n\000c\000h\000m\000a\000r\000k\000\040\000t\000\354\000m\000\040\000k\000i\036\277\000m\000\040\000t\000r\000\352\000n\000\040\000b\036\243\000n\000\040\001\021\036\323\000\040\0006\0005\000\040\000n\000o\000d\000e}{section.8}% 32
\BOOKMARK [2][-]{subsection.8.2}{\376\377\000K\000i\036\303\000m\000\040\000t\000r\000a\000\040\000h\000e\000u\000r\000i\000s\000t\000i\000c\000\040\000A\000*\000\040\000v\036\333\000i\000\040\000U\000C\000S}{section.8}% 33
\BOOKMARK [2][-]{subsection.8.3}{\376\377\036\242\000n\000h\000\040\000h\001\260\036\337\000n\000g\000\040\000c\036\347\000a\000\040\000c\000o\000s\000t\000\040\000p\000r\000o\000f\000i\000l\000e}{section.8}% 34
\BOOKMARK [2][-]{subsection.8.4}{\376\377\036\242\000n\000h\000\040\000c\000h\036\345\000p\000\040\000k\036\277\000t\000\040\000q\000u\036\243\000\040\000c\000h\036\241\000y\000\040\000t\000h\000u\036\255\000t\000\040\000t\000o\000\341\000n}{section.8}% 35
\BOOKMARK [1][-]{section.9}{\376\377\000T\036\321\000i\000\040\001\260\000u\000\040\000t\000u\000y\036\277\000n\000\040\000g\000i\000a\000o\000\040\000h\000\340\000n\000g\000\040\000n\000h\000i\036\301\000u\000\040\001\021\000i\036\303\000m}{}% 36
\BOOKMARK [2][-]{subsection.9.1}{\376\377\001\020\036\313\000n\000h\000\040\000n\000g\000h\001\051\000a\000\040\000b\000\340\000i\000\040\000t\000o\000\341\000n}{section.9}% 37
\BOOKMARK [2][-]{subsection.9.2}{\376\377\000H\000e\000l\000d\000-\000K\000a\000r\000p}{section.9}% 38
\BOOKMARK [2][-]{subsection.9.3}{\376\377\000N\000e\000a\000r\000e\000s\000t\000\040\000N\000e\000i\000g\000h\000b\000o\000r}{section.9}% 39
\BOOKMARK [2][-]{subsection.9.4}{\376\377\000C\000\341\000c\000h\000\040\001\021\036\315\000c\000\040\000k\036\277\000t\000\040\000q\000u\036\243}{section.9}% 40
\BOOKMARK [1][-]{section.10}{\376\377\000C\000\340\000i\000\040\001\021\036\267\000t\000,\000\040\000g\000i\036\333\000i\000\040\000h\036\241\000n\000\040\000v\000\340\000\040\000h\001\260\036\333\000n\000g\000\040\000p\000h\000\341\000t\000\040\000t\000r\000i\036\303\000n}{}% 41
\BOOKMARK [2][-]{subsection.10.1}{\376\377\000C\000\341\000c\000h\000\040\000c\000h\036\241\000y}{section.10}% 42
\BOOKMARK [2][-]{subsection.10.2}{\376\377\000G\000i\036\333\000i\000\040\000h\036\241\000n\000\040\000c\036\347\000a\000\040\001\021\036\323\000\040\000\341\000n}{section.10}% 43
\BOOKMARK [2][-]{subsection.10.3}{\376\377\000H\001\260\036\333\000n\000g\000\040\000p\000h\000\341\000t\000\040\000t\000r\000i\036\303\000n}{section.10}% 44
\BOOKMARK [2][-]{subsection.10.4}{\376\377\000K\036\277\000t\000\040\000l\000u\036\255\000n}{section.10}% 45
